// Jest Snapshot v1, https://goo.gl/fbAQLP

exports[`<NotieProvider /> renders correctly with children 1`] = `
<div>
  <div>
    some children
  </div>
  <Notie />
</div>
`;
